../Core/Src/lcd.c:25:6:USER_RCC_Init	4	static
../Core/Src/lcd.c:30:6:USER_TIM2_Delay	16	static
../Core/Src/lcd.c:55:6:LCD_Init	16	static
../Core/Src/lcd.c:138:6:LCD_Out_Data4	16	static
../Core/Src/lcd.c:161:6:LCD_Write_Byte	16	static
../Core/Src/lcd.c:172:6:LCD_Write_Cmd	16	static
../Core/Src/lcd.c:178:6:LCD_Put_Char	16	static
../Core/Src/lcd.c:184:6:LCD_Set_Cursor	24	static
../Core/Src/lcd.c:196:6:LCD_Put_Str	24	static
../Core/Src/lcd.c:204:6:LCD_Put_Num	40	static
../Core/Src/lcd.c:224:6:LCD_Busy	8	static
../Core/Src/lcd.c:271:6:LCD_Pulse_EN	8	static
../Core/Src/lcd.c:283:6:LCD_BarGraphic	24	static
../Core/Src/lcd.c:301:6:LCD_BarGraphicXY	32	static
